"","seqnames","start","end","width","strand","type","txName","geneName"
"1","16",87362942,87365116,2175,"-","L",c("uc002fjv.3", "uc002fjw.3", "uc010vot.2"),79791
"2","16",87365116,87367492,2377,"-","J",c("uc002fjv.3", "uc002fjw.3", "uc010vot.2"),79791
"3","16",87367492,87367892,401,"-","I",c("uc002fjv.3", "uc002fjw.3", "uc010vot.2"),79791
"4","16",87367892,87368910,1019,"-","J",c("uc002fjv.3", "uc002fjw.3", "uc010vot.2"),79791
"5","16",87368910,87369063,154,"-","I",c("uc002fjv.3", "uc002fjw.3", "uc010vot.2"),79791
"6","16",87369063,87369761,699,"-","J",c("uc002fjv.3", "uc002fjw.3", "uc010vot.2"),79791
"7","16",87369761,87369870,110,"-","I",c("uc002fjv.3", "uc002fjw.3", "uc010vot.2"),79791
"8","16",87369870,87376483,6614,"-","J",c("uc002fjv.3", "uc002fjw.3", "uc010vot.2"),79791
"9","16",87376483,87376557,75,"-","I",c("uc002fjv.3", "uc002fjw.3", "uc010vot.2"),79791
"10","16",87376557,87377204,648,"-","J",c("uc002fjv.3", "uc002fjw.3", "uc010vot.2"),79791
"11","16",87377204,87377371,168,"-","I",c("uc002fjv.3", "uc002fjw.3", "uc010vot.2"),79791
"12","16",87377371,87380780,3410,"-","J",c("uc002fjv.3", "uc002fjw.3", "uc010vot.2"),79791
"13","16",87380780,87380856,77,"-","I",c("uc002fjv.3", "uc002fjw.3", "uc010vot.2"),79791
"14","16",87380856,87393901,13046,"-","J",c("uc002fjv.3", "uc002fjw.3", "uc010vot.2"),79791
"15","16",87393901,87393972,72,"-","I",c("uc002fjw.3", "uc010vot.2"),79791
"16","16",87393901,87394561,661,"-","F",uc002fjv.3,79791
"17","16",87393972,87417011,23040,"-","J",uc002fjw.3,79791
"18","16",87393972,87423343,29372,"-","J",uc010vot.2,79791
"19","16",87417011,87417394,384,"-","F",uc002fjw.3,79791
"20","16",87417628,87417700,73,"-","U",uc021tmi.1,character(0)
"21","16",87423343,87423454,112,"-","I",uc010vot.2,79791
"22","16",87423454,87425689,2236,"-","J",uc010vot.2,79791
"23","16",87425689,87425708,20,"-","F",uc010vot.2,79791
